// Jest Snapshot v1, https://goo.gl/fbAQLP

exports[`<TestResults />  should render properly 1`] = `
<div
  className="content"
  dangerouslySetInnerHTML={
    Object {
      "__html": "<div>Problem statement</div>",
    }
  }
/>
`;
